[    .00000 Iniiaizng crop subys cuset[   0.0000] Initializing cgroup subsys cpu
[    0.000000] Initializing cgroup subsys cpuacct
[    0.000000] Linux version 4.4.0-112-generic (builddd@lw0-amd4-10 (gccerion 54.20160609 (Ubuntu 5.4.0-6ubuntu1~16.0.5) #135-Ubuntu SMP Fi n 191148:36 UTC 2018 (Ubuntu 4.4.0-112.135-generic 4..9)
[   000000 Cmand line: BOOT_IMAGE=/boot/vmlinuz-4.4.0-112-gener rot=LAELloudig-otfsrocosole=tty1 cnslettyS
   0.0000]KERNEL suported cpus:
[    0.00000]   Intel GenuineIntel
[    0.000000]   AMD AuthenticAMD
[    0.0000]  enaur CtarHauls
[   .000000] x86/fpu: xstate_offset[: 576, xstate_sizes[2]:  256
[    0.000000] x86/fpu: Supporting XSAVE feature 0x01: 'x87 floating point registrs'
[    0.000000] x86/fpu: Suppoting XSAVE feature 0x02: 'SSE regier'
[    000000] x86/fpu: Supporting XSE eaur0x04: 'AVXegstes'
[    0.000000x86/f: nale xtate ftues 0x7, onext izis 82 tes,sing 'standar form.
[   000000] x86/fu:sing'ly' FPU context wichs.
   000000 e20 BS-provided physical RAM map:
[   .000] BIS-20: [mem 0x0000000000000000-0x000000000009fbff] usable
[    0.000000] BIOS-e820: [mem 0x000000000009fc00-0x000000000009ffff] reserved
[    0.000000] BIOS-e8: mem x0000000000-000000000fffff] reserved
[    0.000000] IOe820[mm 0x000000000100000-0x000000003ffeffff] usable
[    0.000000] BIOS-e820: [mem 0x000000003fff0000-0x000000003fffffff] ACPI data
[    0.000000] BIOS-e820: [mem 0x00000000fec00000-0x00000000fec00fff] reserved
[    0.000000] BIOS-e820: [mem 0x00000000fee000000x0000fee00fff] esrved
   000000BIOS-e820: [mem 0x00000000fffc0000-0x00000000ffffffff] reserved
[   .00000NX (Excue isable) prteion:aciv
[  0.0000] BIOS 2. psent.
[    0.000000] Hypervisor detected: KVM
[    0.000000] e820: last_pfn = 0x3fff0 max_arch_pfn = 0x400000000
[    0.000000] MTRR: Disabled
[    0.000000] x86/PAT: MTRRs disabled, skipping PAT initialization too.
[    0.000000] CPU MTRRs all blank - virtualized system.
[    0.000000] x86/PAT: Configuration [0-7]: WB  WT  UC- UC  WB  WT  UC- UC  
[    0.000000] found MPMP-table at [mem 0x0009fff0-0x0009ffff] mapped at [ffff00009fff0][    0.0000] Scanng1 areasfolow emor corruptin
[   0.0000]RAMDI: mem 06ac0000x565f]
[  0000000 AI:Early tblchecsuverificatn disbl
[   0.0000] ACPI: RSDP 0x00000000000E0000 000024 (v02 VBOX  )
[    0.000000] ACPI: XSDT 0x000000003FFF0030 00003C (v01 VBOX   VBOXXSDT 00000001 ASL  00000061)
[    0.000000] ACPI: FACP 0x000000003FFF00F0 0000F4 (v04 VBOX   VBOXFACP 00000001 ASL  00000061)
[    0.000000] ACPI: DSDT 0x000000003FFF0470 0021FF (v02 VBOX   VBOXBIOS 00000002 INTL 20100528)
[    0.000000] ACPI: FACS 0x000000003FF020 00000[    0.000] ACPI: FCS0x0000000FF020000040
[   0.000000] ACPI: APIC 0x000000003FFF0240 00005C (v02 VBOX   VBOXAPIC 00000001 ASL 0000061)
[    00000] ACI:SSDT 0x000000003FFF02A0 0001CC (v01 VBOX   VBOXCPUT 00000002 INTL 20100528)
[    0.000000] No NUMA configuration found
[    0.000000] Faking a node at [mem 0x0000000000000000-0x000000003ffeffff]
[    0.000000]NO_DATA() locatd [mem 0x3ffeb000-0x3ffeffff]
[    0.000000] kvm-clock: Using msrs 4b564d01 and 4b564d00
[    0.000000] kvm-clock: cpu 0, msr 0:3ffe3001, primary cpu clock
[    0.000000] kvm-clock: using sched offst of 3168871851 cycles
[    0.000000] clocksource: kvm-clock: mask: 0xffffffffffffffff max_cycles: 0x1d44dffbma_idle_s:81590591483 ns
[    0.000000] Zone ranges:
[    0.000000]   DMA      [mem 0x0000000000001000-0x0000000000ffffff]
[  0.0000  DMA32   [mem 0x0000000001000000-0x000000003ffeffff]
[    0.000000]   Normal   empty
[    0.0000]   Dvie   emty
[   00000] vablezoe start foeah node
[  0000000]Ealy memry noderages
[    0.00000  ode   0 [em0x000000000001000-0x0000000009efff]
  0.0000   noe 0: [em 0x0000000000100000-0x0000003ffeffff][   .0000] Initmem seupode 0 [m x000000000000100-0x000003ffefff]
[   .000000]CPI:PMimerIOort: 000
[    .000000] IAPIC[0]:apc_i2, version 32, addres 0xfec0000 GI 23
[   00000]CPI:INSRC_VR (bus 0 bus_irq 0 globalir 2 dfl dfl)
[   0.00000ACPI:INSRC_OVR (bus 0 bus_irq 9 global_irq 9 low level)
  0.000000] Using API (AD for SMP confguratin formti
[   000000] smoot: llwing 2 CPUs,0 hotplug CPUs
[    0.000000] PM: Registered nosave memory: [mem 0x00000000-0x00000fff]
[    0.000000] PM: Registered nosave memory: [mem 0x000f000-0x0009ffff]
[    0.000000] PM: Registered nosave memory: [mem 0x000a0000-0x000effff]
[    0.000000] PM: Registered nosave memory: [mem0x000f0000-0x00fff]
  0.000000] e820: [mem 0x40000000-0xfebfffff] available for PCI devices
[    0.000000] Booting paravirtualized kernel on KVM
[    0.000000] clocksource: refined-jiffies: mask: 0xffffffff max_cycles: 0xffffffff, max_idle_ns: 7645519600211568 ns
[    0.000000] setup_percpu: NR_CPUS:512 nr_cpumask_bits:512 nr_cpu_ids:2 nr_node_ids:1
[    0.000000] PERCPU: Embedded 34 pages/cpu @ffff88003fc00000 s995 r819d3528 u10457
[  0000000] PV qspinlock hash table entries: 256 (order: 0, 4096 bytes)
[    0.000000] Built 1 zonelistinNode order, mobility grouping on.  Total pages: 257913
[    0.000000] Policy zone: DMA32
[    0.000000] Kernel command line: BOOT_IMAGE=/boot/vmlinuz-4.4.0-112-generic root=LABEL=cloudimg-rootfs ro console=tty1 console=ttyS0
[    0.000000] PID hash table entries: 4096 (order: 3, 32768 bytes)
[    0.000000] Memory: 1001740K/1048120K available (8499K kernel code, 1309K rwdata, 3988K rodata, 1508K init, 1316K bss, 46380K reserved, 0K cma-reserved)
[    0.000000] SLUB: HWalign=64, Order=0-3, MinObjects=0, CPUs=2, Nodes=1
[    0.000000] Kernel/User page tables isolation: enabled
[    0.000000] Hierarchical RCU implementation.
[    0.000000] 	Build-time adjustment of leaf fanout to 64.
[    0.000000] 	RCU restricting CPUs from NR_CPUS=512 to nr_cpu_ids=2.
[    0.000000] RCU: Adjusting geometry for rcu_fanout_leaf=64, nr_cpu_ids=2
[    0.000000] NR_IRQS:33024 nr_irqs:440 16
[    0.000000] Console: colour VGA+ 80x25
[    0.000000] console [tty1] enabled
[    0.000000] console [ttyS0] enabled
[    0.000000] tsc: Detected 1599.999 MHz processor
[    9.753844] Calibrating delay loop (skipped) preset value.. 3199.99 BogoMIPS (lpj=6399996)
[    9.7587] pid_max: default: 32768 minimum: 301
[    9.850969] ACPI: Core revision 20150930
[    9.908652] ACPI: 2 ACPI AML tables successfully acquired and loaded
[    9.942459] Security Framework initialized
[    9.943932] Yama: becoming mindful.
[    9.945282] AppArmor: AppArmor initialized
[    9.947001] Dentry cache hash table entries: 131072 (order: 8, 1048576 bytes)
[    9.952220] Inode-cache hash table entries: 65536 (order: 7, 524288 bytes)
[    9.971405] Mount-cache hash table entries: 2048 (order: 2, 16384 bytes)
[    9.973010] Mountpoint-cache hash table entries: 2048 (order: 2, 16384 bytes)
[   10.040346] Initializing cgroup subsys io
[   10.090244] Initializing cgroup subsys memory
[   10.121508] Initializing cgroup subsys devices
[   10.128277] Initializing cgroup subsys freezer
[   10.129564] Initializing cgroup subsys net_cls
[   10.190197] Initializing cgroup subsys perf_event
[   10.240978] Initializing cgroup subsys net_prio
[   10.311089] Initializing cgroup subsys hugetlb
[   10.339024] Initializing cgroup subsys pids
[   10.342825] CPU: Physical Processor ID: 0
[   10.346457] CPU: Processor Core ID: 0
[   10.365645] FEATURE SPEC_CTRL Not Present
[   10.407578] mce: CPU supports 0 MCE banks
[   10.418333] Last level iTLB entries: 4KB 64, 2MB 8, 4MB 8
[   10.430882] Last level dTLB entries: 4KB 64, 2MB 0, 4MB 0, 1GB 4
[   10.435282] Freeing SMP alternatives memory: 32K
[   10.450072] ftrace: allocating 32180 entries in 126 pages
[   10.531002] smpboot: APIC(0) Converting physical 0 to logical package 0
[   10.551015] smpboot: Max logical packages: 1
[   10.552679] x2apic enabled
[   10.555029] Switched APIC routing to physical x2apic.
[   10.560405] ..TIMER: vector=0x30 apic1=0 pin1=2 apic2=-1 pin2=-1
[   10.693813] smpboot: CPU0: Intel(R) Core(TM) i5-5250U CPU @ 1.60GHz (family: 0x6, model: 0x3d, stepping: 0x4)
[   10.726391] Performance Events: unsupported p6 CPU model 61 no PMU driver, software events only.
[   10.746075] KVM setup paravirtual spinlock
[   10.756332] x86: Booting SMP configuration:
[   10.759789] .... node  #0, CPUs:      #1
[   10.804448] kvm-clock: cpu 1, msr 0:3ffe3041, secondary cpu clock
[   10.835510] mce: CPU supports 0 MCE banks
[   10.847121] x86: Booted up 1 node, 2 CPUs
[   10.879758] smpboot: Total of 2 processors activated (6399.99 BogoMIPS)
[   10.919552] devtmpfs: initialized
[   10.922184] evm: security.selinux
[   10.946749] evm: security.SMACK64
[   10.964038] evm: security.SMACK64EXEC
[   10.977520] evm: security.SMACK64TRANSMUTE
[   10.989466] evm: security.SMACK64MMAP
[   11.033394] evm: security.ima
[   11.080276] evm: security.capability
[   11.093777] clocksource: jiffies: mask: 0xffffffff max_cycles: 0xffffffff, max_idle_ns: 7645041785100000 ns
[   11.112724] futex hash table entries: 512 (order: 3, 32768 bytes)
[   11.125754] pinctrl core: initialized pinctrl subsystem
[   11.143805] RTC time: 20:44:46, date: 01/29/18
[   11.167878] NET: Registered protocol family 16
[   11.228042] cpuidle: using governor ladder
[   11.251663] cpuidle: using governor menu
[   11.285568] PCCT header not found.
[   11.310749] ACPI: bus type PCI registered
[   11.318936] acpiphp: ACPI Hot Plug PCI Controller Driver version: 0.5
[   11.378552] PCI: Using configuration type 1 for base access
[   11.447868] ACPI: Added _OSI(Module Device)
[   11.480769] ACPI: Added _OSI(Processor Device)
[   11.518827] ACPI: Added _OSI(3.0 _SCP Extensions)
[   11.572397] ACPI: Added _OSI(Processor Aggregator Device)
[   11.632218] ACPI: Executed 1 blocks of module-level executable AML code
[   11.693067] ACPI: Interpreter enabled
[   11.743399] ACPI: (supports S0 S5)
[   11.763850] ACPI: Using IOAPIC for interrupt routing
[   11.765668] PCI: Using host bridge windows from ACPI; if necessary, use "pci=nocrs" and report a bug
[   11.842991] ACPI: PCI Root Bridge [PCI0] (domain 0000 [bus 00-ff])
[   11.903508] acpi PNP0A03:00: _OSC: OS supports [ASPM ClockPM Segments MSI]
[   11.971619] acpi PNP0A03:00: _OSC: not requesting OS control; OS requires [ExtendedConfig ASPM ClockPM MSI]
[   12.031877] acpi PNP0A03:00: fail to add MMCONFIG information, can't access extended PCI configuration space under this bridge.
[   12.119402] PCI host bridge to bus 0000:00
[   12.153180] pci_bus 0000:00: root bus resource [io  0x0000-0x0cf7 window]
[   12.168665] pci_bus 0000:00: root bus resource [io  0x0d00-0xffff window]
[   12.236907] pci_bus 0000:00: root bus resource [mem 0x000a0000-0x000bffff window]
[   12.286535] pci_bus 0000:00: root bus resource [mem 0x40000000-0xfdffffff window]
[   12.302857] pci_bus 0000:00: root bus resource [bus 00-ff]
[   12.337975] pci 0000:00:01.1: legacy IDE quirk: reg 0x10: [io  0x01f0-0x01f7]
[   12.400765] pci 0000:00:01.1: legacy IDE quirk: reg 0x14: [io  0x03f6]
[   12.403470] pci 0000:00:01.1: legacy IDE quirk: reg 0x18: [io  0x0170-0x0177]
[   12.472707] pci 0000:00:01.1: legacy IDE quirk: reg 0x1c: [io  0x0376]
[   12.509679] pci 0000:00:07.0: quirk: [io  0x4000-0x403f] claimed by PIIX4 ACPI
[   12.571159] pci 0000:00:07.0: quirk: [io  0x4100-0x410f] claimed by PIIX4 SMB
[   12.694881] ACPI: PCI Interrupt Link [LNKA] (IRQs 5 9 10 *11)
[   12.703698] ACPI: PCI Interrupt Link [LNKB] (IRQs 5 9 *10 11)
[   12.711546] ACPI: PCI Interrupt Link [LNKC] (IRQs 5 *9 10 11)
[   12.720864] ACPI: PCI Interrupt Link [LNKD] (IRQs 5 9 10 *11)
[   12.739754] ACPI: Enabled 2 GPEs in block 00 to 07
[   12.753778] vgaarb: setting as boot device: PCI:0000:00:02.0
[   12.759622] vgaarb: device added: PCI:0000:00:02.0,decodes=io+mem,owns=io+mem,locks=none
[   12.779527] vgaarb: loaded
[   12.781963] vgaarb: bridge control possible 0000:00:02.0
[   12.786335] SCSI subsystem initialized
[   12.791594] ACPI: bus type USB registered
[   12.802348] usbcore: registered new interface driver usbfs
[   12.815244] usbcore: registered new interface driver hub
[   12.823242] usbcore: registered new device driver usb
[   12.850014] PCI: Using ACPI for IRQ routing
[   12.870661] NetLabel: Initializing
[   12.904465] NetLabel:  domain hash size = 128
[   12.918535] NetLabel:  protocols = UNLABELED CIPSOv4
[   12.925771] NetLabel:  unlabeled traffic allowed by default
[   12.937448] amd_nb: Cannot enumerate AMD northbridges
[   12.983323] clocksource: Switched to clocksource kvm-clock
[   10099Aprmor: AppArmor Filesystem Enabled
[   13.228639] pnp: PnP ACPI init
[ 13302]npPnAC: un3 eves
[   13.830241] clocksource: acpi_pm: mask: 0xffffff max_cycles: 0xffffff, max_idle_ns: 2085701024 ns
[   13.947838] NET: Registered protocol family 2
[   13.968449] TCP established hash table entries: 8192 (order: 4, 65536 bytes)
[   14.143563] TCP bind hash table entries: 8192 (order: 5, 131072 bytes)
[   14.267651] TCP: Hash tables configured (established 8192 bind 8192)
[   14.330385] UDP hash table entries: 512 (order: 2, 16384 bytes)
[   14.414700] UDP-Lite hash table entries: 512 (order: 2, 16384 bytes)
[   14.567391] NET: Registered protocol family 1
[   14.657396] pci 0000:00:00.0: Limiting direct PCI/PCI transfers
[   14.869132] pci 0000:00:01.0: Activating ISA DMA hang workarounds
[   14.874892] Unpacking initramfs...
[   17.121983] Freeing initrd memory: 10792K
[   17.140639] RAPL PMU detected, API unit is 2^-32 Joules, 4 fixed counters 10737418240 ms ovfl timer
[   17.180450] hw unit of domain pp0-core 2^-0 Joules
[   17.208358] hw unit of domain package 2^-0 Joules
[   17.236097] hw unit of domain dram 2^-0 Joules
[   17.263814] hw unit of domain pp1-gpu 2^-0 Joules
[   17.312453] platform rtc_cmos: registered platform RTC device (no PNP device found)
[   17.338071] Scanning for low memory corruption every 60 seconds
[   17.444373] audit: initializing netlink subsys (disabled)
[   17.529173] audit: type=2000 audit(1517258685.514:1): initialized
[   17.677482] Initialise system trusted keyring
[   17.751225] HugeTLB registered 2 MB page size, pre-allocated 0 pages
[   17.789848] zbud: loaded
[   17.828028] VFS: Disk quotas dquot_6.6.0
[   17.877620] VFS: Dquot-cache hash table entries: 512 (order 0, 4096 bytes)
[   17.968662] squashfs: version 4.0 (2009/01/31) Phillip Lougher
[   18.047630] fuse init (API version 7.23)
[   18.147640] Key type big_key registered
[   18.207882] Allocating IMA MOK and blacklist keyrings.
[   18.275564] Key type asymmetric registered
[   18.285448] Asymmetric key parser 'x509' registered
[   18.300037] Block layer SCSI generic (bsg) driver version 0.4 loaded (major 249)
[   18.314180] tsc: Refined TSC clocksource calibration: 1599.798 MHz
[   18.331130] clocksource: tsc: mask: 0xffffffffffffffff max_cycles: 0x170f661bfb8, max_idle_ns: 440795222548 ns
[   18.331233] io scheduler noop registered
[   18.331236] io scheduler deadline registered (default)
[   18.331300] io scheduler cfq registered
[   18.331463] pci_hotplug: PCI Hot Plug PCI Core version: 0.5
[   18.331471] pciehp: PCI Express Hot Plug Controller Driver version: 0.4
[   18.331978] ACPI: AC Adapter [AC] (on-line)
[   18.332056] input: Power Button as /devices/LNXSYSTM:00/LNXPWRBN:00/input/input0
[   18.332059] ACPI: Power Button [PWRF]
[   18.332135] input: Sleep Button as /devices/LNXSYSTM:00/LNXSLPBN:00/input/input1
[   18.332136] ACPI: Sleep Button [SLPF]
[   18.332298] GHES: HEST is not enabled!
[   18.333447] ACPI: Battery Slot [BAT0] (battery present)
[   18.388607] Serial: 8250/16550 driver, 32 ports, IRQ sharing enabled
[   18.459028] 00:02: ttyS0 at I/O 0x3f8 (irq = 4, base_baud = 115200) is a 16550A
[   18.475414] Linux agpgart interface v0.103
[   18.482640] loop: module loaded
[   18.483283] scsi host0: ata_piix
[   18.483374] scsi host1: ata_piix
[   18.483423] ata1: PATA max UDMA/33 cmd 0x1f0 ctl 0x3f6 bmdma 0xd000 irq 14
[   18.483424] ata2: PATA max UDMA/33 cmd 0x170 ctl 0x376 bmdma 0xd008 irq 15
[   18.483496] libphy: Fixed MDIO Bus: probed
[   18.483498] tun: Universal TUN/TAP device driver, 1.6
[   18.483499] tun: (C) 1999-2004 Max Krasnyansky <maxk@qualcomm.com>
[   18.483877] PPP generic driver version 2.4.2
[   18.483963] ehci_hcd: USB 2.0 'Enhanced' Host Controller (EHCI) Driver
[   18.483969] ehci-pci: EHCI PCI platform driver
[   18.483991] ehci-platform: EHCI generic platform driver
[   18.484004] ohci_hcd: USB 1.1 'Open' Host Controller (OHCI) Driver
[   18.484007] ohci-pci: OHCI PCI platform driver
[   18.484015] ohci-platform: OHCI generic platform driver
[   18.484021] uhci_hcd: USB Universal Host Controller Interface driver
[   18.484079] i8042: PNP: PS/2 Controller [PNP0303:PS2K,PNP0f03:PS2M] at 0x60,0x64 irq 1,12
[   18.484584] serio: i8042 KBD port at 0x60,0x64 irq 1
[   18.484588] serio: i8042 AUX port at 0x60,0x64 irq 12
[   18.484692] mousedev: PS/2 mouse device common for all mice
[   18.486224] input: AT Translated Set 2 keyboard as /devices/platform/i8042/serio0/input/input2
[   18.486532] rtc_cmos rtc_cmos: rtc core: registered rtc_cmos as rtc0
[   18.486620] rtc_cmos rtc_cmos: alarms up to one day, 114 bytes nvram
[   18.486632] i2c /dev entries driver
[   18.486718] device-mapper: uevent: version 1.0.3
[   18.486816] device-mapper: ioctl: 4.34.0-ioctl (2015-10-28) initialised: dm-devel@redhat.com
[   18.486840] ledtrig-cpu: registered to indicate activity on CPUs
[   18.488136] NET: Registered protocol family 10
[   18.488289] NET: Registered protocol family 17
[   18.488299] Key type dns_resolver registered
[   18.488453] microcode: CPU0 sig=0x306d4, pf=0x40, revision=0x0
[   18.490977] microcode: CPU1 sig=0x306d4, pf=0x40, revision=0x0
[   18.491032] microcode: Microcode Update Driver: v2.01 <tigran@aivazian.fsnet.co.uk>, Peter Oruba
[   18.491162] registered taskstats version 1
[   18.491175] Loading compiled-in X.509 certificates
[   18.491905] Loaded X.509 cert 'Build time autogenerated kernel key: 4c603087bab8f0a02cb3b4e1fb4c40f507e71ef1'
[   18.491926] zswap: loaded using pool lzo/zbud
[   18.494157] Key type trusted registered
[   18.497612] Key type encrypted registered
[   18.497620] AppArmor: AppArmor sha1 policy hashing enabled
[   18.497624] ima: No TPM chip found, activating TPM-bypass!
[   18.497644] evm: HMAC attrs: 0x1
[   18.497953]   Magic number: 2:954:751
[   18.497959] misc uinput: hash matches
[   18.497963] ata_link link2: hash matches
[   18.497964]  link2: hash matches
[   18.497972] tty ttyS2: hash matches
[   18.501415] rtc_cmos rtc_cmos: setting system clock to 2018-01-29 20:44:53 UTC (1517258693)
[   18.501499] BIOS EDD facility v0.16 2004-Jun-25, 0 devices found
[   18.501499] EDD information not available.
[   20.851682] Freeing unused kernel memory: 1508K
[   20.901018] Write protecting the kernel read-only data: 14336k
[   20.961083] Freeing unused kernel memory: 1728K
[   20.977442] Freeing unused kernel memory: 108K
Loading, please wait...
starting version[   20.997402] random: systemd-udevd: uninitialized urandom read (16 bytes read, 5 bits of entropy available)
 229
[   20.997923] random: udevadm: uninitialized urandom read (16 bytes read, 5 bits of entropy available)
[   20.997952] random: udevadm: uninitialized urandom read (16 bytes read, 5 bits of entropy available)
[   21.010959] random: udevadm: uninitialized urandom read (16 bytes read, 5 bits of entropy available)
[   21.011019] random: udevadm: uninitialized urandom read (16 bytes read, 5 bits of entropy available)
[   21.011208] random: udevadm: uninitialized urandom read (16 bytes read, 5 bits of entropy available)
[   21.011288] random: udevadm: uninitialized urandom read (16 bytes read, 5 bits of entropy available)
[   21.011447] random: udevadm: uninitialized urandom read (16 bytes read, 5 bits of entropy available)
[   21.011525] random: udevadm: uninitialized urandom read (16 bytes read, 5 bits of entropy available)
[   21.011596] random: udevadm: uninitialized urandom read (16 bytes read, 5 bits of entropy available)
[   21.484401] Fusion MPT base driver 3.04.20
[   21.510706] Copyright (c) 1999-2008 LSI Corporation
[   21.513811] e1000: Intel(R) PRO/1000 Network Driver - version 7.3.21-k8-NAPI
[   21.524656] e1000: Copyright (c) 1999-2006 Intel Corporation.
[   21.534928] Fusion MPT SPI Host driver 3.04.20
[   21.549803] AVX2 version of gcm_enc/dec engaged.
[   21.587777] AES CTR mode by8 optimization enabled
[   21.740875] input: ImExPS/2 Generic Explorer Mouse as /devices/platform/i8042/serio1/input/input4
[   21.968470] e1000 0000:00:03.0 eth0: (PCI:33MHz:32-bit) 02:db:14:78:b4:e6
[   22.051120] e1000 0000:00:03.0 eth0: Intel(R) PRO/1000 Network Connection
[   22.481169] e1000 0000:00:08.0 eth1: (PCI:33MHz:32-bit) 08:00:27:e9:4b:ae
[   22.507611] e1000 0000:00:08.0 eth1: Intel(R) PRO/1000 Network Connection
[   22.567535] e1000 0000:00:08.0 enp0s8: renamed from eth1
[   22.643833] mptbase: ioc0: Initiating bringup
[   22.696081] e1000 0000:00:03.0 enp0s3: renamed from eth0
[   22.810073] ioc0: LSI53C1030 A0: Capabilities={Initiator}
[   23.604017] scsi host2: ioc0: LSI53C1030 A0, FwRev=00000000h, Ports=1, MaxQ=256, IRQ=20
[   24.540146] floppy0: no floppy controllers found
[   24.630506] scsi 2:0:0:0: Direct-Access     VBOX     HARDDISK         1.0  PQ: 0 ANSI: 5
[   24.642720] scsi target2:0:0: Beginning Domain Validation
[   24.711997] scsi target2:0:0: Domain Validation skipping write tests
[   24.783930] scsi target2:0:0: Ending Domain Validation
[   24.856415] scsi target2:0:0: asynchronous
[   24.888632] scsi 2:0:1:0: Direct-Access     VBOX     HARDDISK         1.0  PQ: 0 ANSI: 5
[   24.897394] scsi target2:0:1: Beginning Domain Validation
[   24.901091] scsi target2:0:1: Domain Validation skipping write tests
[   24.922108] scsi target2:0:1: Ending Domain Validation
[   24.973787] scsi target2:0:1: asynchronous
[   24.982274] sd 2:0:0:0: Attached scsi generic sg0 type 0
[   25.004257] sd 2:0:0:0: [sda] 20971520 512-byte logical blocks: (10.7 GB/10.0 GiB)
[   25.004731] sd 2:0:1:0: [sdb] 20480 512-byte logical blocks: (10.5 MB/10.0 MiB)
[   25.004840] sd 2:0:1:0: Attached scsi generic sg1 type 0
[   25.005080] sd 2:0:1:0: [sdb] Write Protect is off
[   25.005286] sd 2:0:1:0: [sdb] Incomplete mode parameter data
[   25.005288] sd 2:0:1:0: [sdb] Assuming drive cache: write through
[   25.007913] sd 2:0:1:0: [sdb] Attached SCSI disk
[   25.188112] sd 2:0:0:0: [sda] Write Protect is off
[   25.272446] sd 2:0:0:0: [sda] Incomplete mode parameter data
[   25.347856] sd 2:0:0:0: [sda] Assuming drive cache: write through
[   25.430931]  sda: sda1
[   25.465681] sd 2:0:0:0: [sda] Attached SCSI disk
Begin: Loading e[   26.952116] md: linear personality registered for level -1
ssential drivers ... [   27.056836] md: multipath personality registered for level -4
[   27.212421] md: raid0 personality registered for level 0
[   27.279290] md: raid1 personality registered for level 1
[   27.379354] raid6: sse2x1   gen()  6494 MB/s
[   27.463768] raid6: sse2x1   xor()  5761 MB/s
[   27.571375] raid6: sse2x2   gen()  9467 MB/s
[   27.643555] raid6: sse2x2   xor()  6685 MB/s
[   27.747781] raid6: sse2x4   gen() 11343 MB/s
[   27.891442] raid6: sse2x4   xor()  3037 MB/s
[   27.967419] raid6: avx2x1   gen()  8898 MB/s
[   28.035459] raid6: avx2x2   gen()  6302 MB/s
[   28.111820] raid6: avx2x4   gen() 18785 MB/s
[   28.121221] raid6: using algorithm avx2x4 gen() 18785 MB/s
[   28.155808] raid6: using avx2x2 recovery algorithm
[   28.163124] xor: automatically using best checksumming function:
[   28.211337]    avx       : 23581.000 MB/sec
[   28.254682] async_tx: api initialized (async)
[   28.299560] md: raid6 personality registered for level 6
[   28.340078] md: raid5 personality registered for level 5
[   28.352218] md: raid4 personality registered for level 4
[   28.406405] md: raid10 personality registered for level 10
done.
Begin: Running /scripts/init-premount ... done.
Begin: Mounting root file system ... Begin: Runn[   28.476985] Btrfs loaded
ing /scripts/local-top ... done.
Begin: Running /scripts/local-premount ... Scanning for Btrfs filesystems
done.
Warning: fsck not present, so sk[   28.586589] EXT4-fs (sda1): mounted filesystem with ordered data mode. Opts: (null)
ipping root file system
done.
Begin: Running /scripts/local-bottom ... done.
Begin: Running /scripts/init-bottom ... done.
[   28.760332] systemd[1]: systemd 229 running in system mode. (+PAM +AUDIT +SELINUX +IMA +APPARMOR +SMACK +SYSVINIT +UTMP +LIBCRYPTSETUP +GCRYPT +GNUTLS +ACL +XZ -LZ4 +SECCOMP +BLKID +ELFUTILS +KMOD -IDN)
[   28.913846] systemd[1]: Detected virtualization oracle.
[   28.956512] systemd[1]: Detected architecture x86-64.

Welcome to [1mUbuntu 16.04.3 LTS[0m!

[ 294864] systemd[1]: Set hostname to <ubuntu>.
[   29.214906] systemd[1]: Initializing machine ID from random generator.
[   29.281156] systemd[1]: Installed transient /etc/machine-id file.
[   29.478811] random: nonblocking pool is initialized
[   29.512860] systemd[1]: Reached target Swap.
[[0;32m  OK  [0m] Reached target Swap.
[   29.574713] systemd[1]: Listening on LVM2 poll daemon socket.
[[0;32m  OK  [0m] Listening on LVM2 poll daemon socket.
[   29.587756] systemd[1]: Created slice User and Session Slice.
[[0;32m  OK  [0m] Created slice User and Session Slice.
[   9.58] systemd[1]: Listeng on udev Kernel Socket
[[0;32m  OK  [0m] Listening on udev Kernel Socket.
[ 29835]ystem[1 Rch tgeEnypd lume.
[[0;32m  OK  [0m] Reached target Encrypted Volumes.
[ 30.744455] systemd[1]: Started Trigger resolvconf update for networkd DNS.
[[0;32m  OK  [0m] Started Trigger resolvconf update for networkd DNS.
[  30.8688]ysmd]:et up autou Aitryxetae leoratFie System utmount Point.
[[0;32m  OK  [0m] Set up automount Arbitrary Executab...ats File System Automount Point.
[   31.951113] systemd[1]: Listening on Device-mapper event daemon FIFOs.
[[0;32m  OK  [0m] Listening on Device-mapper event daemon FIFOs.
[   3.0935] syte[1 Rch tgeUsr nd Group Nmeoops

[[0;32m  OK  [0m] Reached target User and Group Name Lookups.
[   32.83101] syte[1 Ltengon LM2etatdaemosocet

[[0;32m  OK  [0m] Listening on LVM2 metadata daemon socket.
[ 33080]systemd[1]Listening on /de/itc Cpability NmePi.
[[0;32m  OK  [0m] Listening on /dev/initctl Compatibility Named Pipe.
[ 34200]ysmd]:isening on Journal Socket (/dev/log).
[[0;32m  OK  [0m] Listening on Journal Socket (/dev/log).
[   34.855185] systemd[1]: Started Forward Password Requests to Wall Directory Watch.
[[0;32m  OK  [0m] Started Forward Password Requests to Wall Directory Watch.
[   34.901303] systemd[1]: Listening on Journal Audit Socket.
[[0;32m  OK  [0m] Listening on Journal Audit Socket.
[   34.915897] systemd[1]: Listening on udev Control Socket.
[[0;32m  OK  [0m] Listening on udev Control Socket.
[   3.0550] systemd[1]: Listening on Journal Socket.
[[0;32m  OK  [0m] Listening on Journal Socket.
[   35.199845] systemd[1]: Listening on Syslog Socket.
[[0;32m  OK  [0m] Listening on Syslog Socket.
[ 35406]ysmd]:reedli Stem Sce
[[0;32m  OK  [0m] Created slice System Slice.
[ 35403]ysemd[1]: Reahed target lices.

[[0;32m  OK  [0m] Reached target Slices.
[   36.275193] systemd[1]: Created slice system-serial\x2dgetty.slice.
[[0;32m  OK  [0m] Created slice system-serial\x2dgetty.slice.
[   36.319672] systemd[1]: Starting Journal Service...
         Starting Journal Service...
[   36.330866] systemd[1]: Starting Remount Root and Kernel File Systems...
         Starting Remount Root and Kernel[   36.343771] EXT4-fs (sda1): re-mounted. Opts: (null)
 File Systems...
[   36.425486] systemd[1]: Starting Uncomplicated firewall...
         Starting Uncomplicated firewall...
[   36.460044] systemd[1]: Starting Set console keymap...
         Starting Set console keymap...
[   36.532735] systemd[1]: Mounting Huge Pages File System...
         Mounting Huge Pages File System...
[   36.583773] systemd[1]: Mounting POSIX Message Queue File System...
         Mounting POSIX Message Queue File System...
[   36.605031] systemd[1]: Starting Monitoring of LVM2 mirrors, snapshots etc. using dmeventd or progress polling...
         Starting Monitoring of LVM2 mirrors... dmeventd or progress polling...
[   36.752448] systemd[1]: Starting Load Kernel Modules...
         [   36.811014] Loading iSCSI transport class v2.0-870.
Starting Load Kernel Modules...
[   36.894131] systemd[1]: Mounting Debug File System...
[   36.931875] iscsi: registered transport (tcp)
         Mounting Debug File System...
[   36.963202] systemd[1]: Starting Nameserver information manager...
         Starting Nameserver information manager...
[   36.993345] systemd[1]: Starting Create list of required static device nodes for the current kernel...
         Starting Create list of required st... nodes for the current kernel...
[   37.004870] systemd[1]: Mounted POSIX Message Queue File System.
[[0;32m  OK  [0[   37.027400] iscsi: registered transport (iser)
m] Mounted POSIX Message Queue File System.
[ 37.120491] sysem1]Moted eb FleSyem

[[0;32m  OK  [0m] Mounted Debug File System.
[  36609 systed[1]: Muned Hue geFi Sstem.
[[0;32m  OK  [0m] Mounted Huge Pages File System.
[ 382618syemd[1]: Stated Journal Service.

[[0;32m  OK  [0m] Started Journal Service.
[[0;32m  OK  [0m] Started Remount Root and Kernel File Systems.
[[0;32m  OK  [0m] Started Uncomplicated firewall.
[[0;32m  OK  [0m] Started Set console keymap.
[[0;32m  OK  [0m] Started Load Kernel Modules.
[[0;32m  OK  [0m] Started Create list of required sta...ce nodes for the current kernel.
[[0;32m  OK  [0m] Started Nameserver information manager.
[[0;32m  OK  [0m] Started LVM2 metadata daemon.
         Starting Create Static Device Nodes in /dev...
         Starting Apply Kernel Variables...
         Mounting FUSE Control File System...
         Starting Initial cloud-init job (pre-networking)...
         Starting Load/Save Random Seed...
         Starting udev Coldplug all Devices...
         Starting Flush Journal to Persistent Storage...
[[0;32m  OK  [0m] Mounted FUSE Control File System.
[[0;32m  OK  [0m] Started Create Static Device Nodes in /dev.
[[0;32m  OK  [0m] Started Apply Kernel Variables.
[[0;32m  OK  [0m] Started Load/Save Random Seed.
[[0;32m  OK  [0m] Started Flush Journal to Persistent Storage.
[[0;32m  OK  [0m] Started udev Coldplug all Devices.
         Starting udev Kernel Device Manager...
[[0;32m  OK  [0m] Started udev Kernel Device Manager.
[[0;32m  OK  [0m] Started Dispatch Password Requests to Console Directory Watch.
[[0;32m  OK  [0m] Started Monitoring of LVM2 mirrors,...ng dmeventd or progress polling.
[[0;32m  OK  [0m] Found device /dev/ttyS0.
[[0;32m  OK  [0m] Reached target Local File Systems (Pre).
[[0;32m  OK  [0m] Reached target Local File Systems.
         Starting Tell Plymouth To Write Out Runtime Data...
         Starting Set console font and keymap...
         Starting Create Volatile Files and Directories...
         Starting LSB: AppArmor initialization...
         Starting Commit a transient machine-id on disk...
[[0;32m  OK  [0m] Started Tell Plymouth To Write Out Runtime Data.
[[0;32m  OK  [0m] Started Create Volatile Files and Directories.
[[0;32m  OK  [0m] Started Commit a transient machine-id on disk.
[[0;32m  OK  [0m] Listening on Load/Save RF Kill Switch Status /dev/rfkill Watch.
[   27.944979] cloud-init[451]: Cloud-init v. 17.1 running 'init-local' at Mon, 29 Jan 2018 20:45:14 +0000. Up 27.37 seconds.
         Starting Update UTMP about System Boot/Shutdown...
[[0;32m  OK  [0m] Reached target System Time Synchronized.
[[0;1;31mFAILED[0m] Failed to start Set console font and keymap.
See 'systemctl status console-setup.service' for details.
[[0;32m  OK  [0m] Started LSB: AppArmor initialization.
[[0;32m  OK  [0m] Started Initial cloud-init job (pre-networking).
[[0;32m  OK  [0m] Started Update UTMP about System Boot/Shutdown.
[[0;32m  OK  [0m] Reached target Network (Pre).
         Starting Raise network interfaces...
[[0;32m  OK  [0m] Created slice system-getty.slice.
[[0;32m  OK  [0m] Started Raise network interfaces.
[[0;32m  OK  [0m] Reached target Network.
         Starting Initial cloud-init job (metadata service crawler)...
[   32.204548] cloud-init[922]: Cloud-init v. 17.1 running 'init' at Mon, 29 Jan 2018 20:45:18 +0000. Up 30.68 seconds.
[   32.292449] cloud-init[922]: ci-info: ++++++++++++++++++++++++++++++++++++++Net device info++++++++++++++++++++++++++++++++++++++
[   32.292783] cloud-init[922]: ci-info: +--------+-------+----------------------------+---------------+-------+-------------------+
[[0;32m  OK  [0m] Started Initial cloud-init job (metadata service crawler).
[   32.292996] cloud-init[922]: ci-info: | Device |   Up  |          Address           |      Mask     | Scope |     Hw-Address    |
[   32.412902] cloud-init[922]: ci-info: +--------+-------+----------------------------+---------------+-------+-------------------+
[   32.413424] cloud-init[922]: ci-info: | enp0s3 |  True |         10.0.2.15          | 255.255.255.0 |   .   | 02:db:14:78:b4:e6 |
[[0;32m  OK  [0m] Reached target System Initialization.
[   32.413664] cloud-init[922]: ci-info: | enp0s3 |  True | fe80::db:14ff:fe78:b4e6/64 |       .       |  link | 02:db:14:78:b4:e6 |
[   32.609723] cloud-init[922]: ci-info: | enp0s8 | False |             .              |       .       |   .   | 08:00:27:e9:4b:ae |
[[0;32m  OK  [0m] Started Daily Cleanup of Temporary Directories.
[   32.610034] cloud-init[922]: ci-info: |   lo   |  True |         127.0.0.1          |   255.0.0.0   |   .   |         .         |
[   32.800516] cloud-init[922]: ci-info: |   lo   |  True |          ::1/128           |       .       |  host |         .         |
[   32.801033] cloud-init[922]: ci-info: +--------+-------+----------------------------+---------------+-------+-------------------+
[[0;32m  OK  [0m] Started ACPI Events Check.
[   32.801266] cloud-init[922]: ci-info: +++++++++++++++++++++++++++Route IPv4 info++++++++++++++++++++++++++++
[   33.029107] cloud-init[922]: ci-info: +-------+-------------+----------+---------------+-----------+-------+
[[0;32m  OK  [0m] Reached target Paths.
[   33.029469] cloud-init[922]: ci-info: | Route | Destination | Gateway  |    Genmask    | Interface | Flags |
[   33.228931] cloud-init[922]: ci-info: +-------+-------------+----------+---------------+-----------+-------+
[[0;32m  OK  [0m] Listening on UUID daemon activation socket.
[   33.229210] cloud-init[922]: ci-info: |   0   |   0.0.0.0   | 10.0.2.2 |    0.0.0.0    |   enp0s3  |   UG  |
[   33.421557] cloud-init[922]: ci-info: |   1   |   10.0.2.0  | 0.0.0.0  | 255.255.255.0 |   enp0s3  |   U   |
[[0;32m  OK  [0m] Listening on ACPID Listen Socket.
         Starting Socket activation for snappy daemon.
[   33.421781] cloud-init[922]: ci-info: +-------+-------------+----------+---------------+-----------+-------+
[   33.636799] cloud-init[922]: Generating public/private rsa key pair.
[[0;32m  OK  [0m] Listening on D-Bus System Message Bus Socket.
[   33.637606] cloud-init[922]: Your identificatiin has been saved in /etc/ssh/ssh_host_rsa_key.
[   33.784611] cloud-init[922]: Your public key has been saved in /etc/ssh/ssh_host_rsa_key.pub.
[[0;32m  OK  [0m] Started Timer to automatically refresh installed snaps.
[   33.785095] cloud-init[922]: The key fingerprint is:
[   33.857385] cloud-init[922]: SHA256:Cqf1dIS3GegE91NQPuW0u7lZUAlS3Gb/U4g2eMeA1iU root@ubuntu-xenial
[   33.858043] cloud-init[922]: The key's randomart image is:
         Starting LXD - unix socket.
[   33.858759] cloud-init[922]: +---[RSA 2048]----+
[   33.977626] cloud-init[922]: |      . . .*E+=  |
[[0;32m  OK  [0m] Reached target Cloud-config availability.
[[   33.977973] cloud-init[922]: |       o +oo+*.=.|
[   34.077105] cloud-init[922]: |        +.*.o+=oo|
[   34.077368] cloud-init[922]: |       o o.==.+oo|
[   34.077557] cloud-init[922]: |    . o S +o oo o|
[   34.077785] cloud-init[922]: |     = + .     =.|
[   34.078027] cloud-init[922]: |    . . .     o o|
[   34.078270] cloud-init[922]: |               + |
[   34.078513] cloud-init[922]: |              o  |
[   34.078757] cloud-init[922]: +----[SHA256]-----+
[   34.078996] cloud-init[922]: Generating public/private dsa key pair.
[   34.079240] cloud-init[922]: Your identification has been saved in /etc/ssh/ssh_host_dsa_key.
[   34.079481] cloud-init[922]: Your public key has been saved in /etc/ssh/ssh_host_dsa_key.pub.
[   34.079723] cloud-init[922]: The key fingerprint is:
[   34.079973] cloud-init[922]: SHA256:66VuaW3tkKmDgqCgaYm86lQa7TvxowKyi0TBxKQOANE root@ubuntu-xenial
[0;32m  OK  [0m] Reached target Network is Online.
[   34.080752] cloud-init[922]: The key's randomart image is:
[   34.444443] cloud-init[922]: +---[DSA 1024]----+
[   34.445073] cloud-init[922]: |B=               |
         Starting iSCSI initiator daemon (iscsid)...
[   34.445375] cloud-init[922]: |=.E              |
[   34.493805] cloud-init[922]: |oo               |
[[0;32m  OK  [0m] Started Daily apt download activities.
[   34.494006] cloud-init[922]: |o o              |
[   34.577993] cloud-init[922]: | + o    S        |
[[0;32m  OK  [0m] Started Daily apt upgrade and clean activities.
[   34.578377] cloud-init[922]: |* =.     . o     |
[   34.673044] cloud-init[922]: |OB.oo  ..o=.     |
[[0;32m  OK  [0m] Reached target Timers.
[   34.673270] cloud-init[922]: |X=..oo..=+o..    |
[   34.800722] cloud-init[922]: |B+ooo..+=o ..    |
[   34.801593] cloud-init[922]: +----[SHA256]-----+
[[0;32m  OK  [0m] Listening on Socket activation for snappy daemon.
[[   34.801822] cloud-init[922]: Generating public/private ecdsa key pair.
[   34.917047] cloud-init[922]: Your identification has been saved in /etc/ssh/ssh_host_ecdsa_key.
[0;32m  OK  [0m] Listening on LXD - unix socket.
[   34.917263] cloud-init[922]: Your public key has been saved in /etc/ssh/ssh_host_ecdsa_key.pub.
[   35.084285] cloud-init[922]: The key fingerprint is:
[   35.084722] cloud-init[922]: SHA256:R5cIk5bKw0RfRM892c1kpNKVOaWNvSiPn8ASF7mfERA root@ubuntu-xenial
[[0;32m  OK  [0m] Reached target Sockets.
[   35.085092] cloud-init[922]: The key's randomart image is:
[   35.142072] cloud-init[922]: +---[ECDSA 256]---+
[[0;32m  OK  [0m] Reached target Basic System.
[   35.142261] cloud-init[922]: |     .. o=+E.  .X|
[   35.264960] cloud-init[922]: |      ..++ +o+ ^.|
[   35.265453] cloud-init[922]: |     + o. oo*.O B|
[[0;32m  OK  [0m] Started FUSE filesystem for LXC.
[   35.265732] cloud-init[922]: |      =  . .o.o..|
[   35.322996] cloud-init[922]: |       .S..+ o . |
[   35.344674] cloud-init[922]: |         .+ = o  |
         Starting Apply the settings specified in cloud-config...
[   35.386583] cloud-init[922]: |         . + +   |
[   35.456508] cloud-init[922]: |          . o .  |
         Starting /etc/rc.local Compatibility...
[   35.495774] cloud-init[922]: |             o   |
[   35.540460] cloud-init[922]: +----[SHA256]-----+
[[0;32m  OK  [0m] Started ACPI event daemon.
[[0;32m  OK  [0m] Started Unattended Upgrades Shutdown.
[   35.609670] cloud-init[922]: Generating public/private ed25519 key pair.
         Starting Accounts Service...
[   35.711844] cloud-init[922]: Your identification has been saved in /etc/ssh/ssh_host_ed25519_key.
         Starting Login Service...[   35.784878] 
cloud-init[922]: Your public key has been saved in /etc/ssh/ssh_host_ed25519_key.pub.
[   35.855380] cloud-init[922]: The key fingerprint is:
[   35.884733]          cloud-initStarting LSB: Record successful boot for GRUB...[922]: 
SHA256:KAOxrsJushFo7lqQJuTME5ib6FGb4VJntL8lVi8j87E root@ubuntu-xenial
[   35.885547] cloud-init[922]: The key's randomart image is:
[   36.008831] cloud-init[922]: +--[ED25519 256]--+
         Starting System Logging Service...
[   36.009572] cloud-init[922]: |  .  .           |
[[   36.089290] [0;32m  OK  [0mcloud-init] [922]: Started Deferred execution scheduler.
|.. o. .          |
[   36.172985] cloud-init[922]: |ooo+ +   .       |
         Starting LSB: MD monitoring daemon...
[   36.173620] cloud-init[922]: |B==.* ... .      |
[   36.265190] cloud-init[922]: |XX.+o .*S= .     |
[   36.265542] cloud-init[922]: |B++  o. B =      |
[[0;32m  OK  [0m] Started Regular background program processing daemon.
[   36.265784] cloud-init[922]: |++.    . E       |
[   36.348794] cloud-init[922]: |=+               |
         Starting LXD - container startup/shutdown...
[   36.349665] cloud-init[922]: |*+               |
[   36.472771] cloud-init[922]: +----[SHA256]-----+
         Starting Snappy daemon...
[   36.490514] cloud-init[1026]: Generating locales (this might take a while)...
         Starting Pollinate to seed the pseudo random number generator...
[[0;32m  OK  [0m] Started D-Bus System Message Bus.
[[0;32m  OK  [0m] Started System Logging Service.
[[0;32m  OK  [0m] Started Snappy daemon.
[[0;32m  OK  [0m] Started iSCSI initiator daemon (iscsid).
[[0;32m  OK  [0m] Started /etc/rc.local Compatibility.
[[0;32m  OK  [0m] Started LXD - container startup/shutdown.
[[0;32m  OK  [0m] Started LSB: Record successful boot for GRUB.
[[0;32m  OK  [0m] Started LSB: MD monitoring daemon.
[[0;32m  OK  [0m] Started Login Service.
         Starting Authenticate and Authorize Users to Run Privileged Tasks...
         Starting Login to default iSCSI targets...
[[0;32m  OK  [0m] Started Authenticate and Authorize Users to Run Privileged Tasks.
[[0;32m  OK  [0m] Started Accounts Service.
[[0;32m  OK  [0m] Started Login to default iSCSI targets.
[[0;32m  OK  [0m] Reached target Remote File Systems (Pre).
[[0;32m  OK  [0m] Reached target Remote File Systems.
         Starting LSB: automatic crash report generation...
         Starting LSB: Set the CPU Frequency Scaling governor to "ondemand"...
         Starting LSB: VirtualBox Linux Additions...
         Starting LSB: daemon to balance interrupts for SMP systems...
         Starting Permit User Sessions...
[[0;32m  OK  [0m] Started Permit User Sessions.
[[0;32m  OK  [0m] Started LSB: Set the CPU Frequency Scaling governor to "ondemand".
[[0;32m  OK  [0m] Started LSB: automatic crash report generation.
         Starting Hold until boot process finishes up...
         Starting Terminate Plymouth Boot Screen...
[[0;32m  OK  [0m] Started Hold until boot process finishes up.
[[0;32m  OK  [0m] Started Pollinate to seed the pseudo random number generator.
[[0;32m  OK  [0m] Started LSB: VirtualBox Linux Additions.
[[0;32m  OK  [0m] Started LSB: daemon to balance interrupts for SMP systems.
[[0;32m  OK  [0m] Started Terminate Plymouth Boot Screen.
         Starting OpenBSD Secure Shell server...
[[0;32m  OK  [0m] Started Serial Getty on ttyS0.
         Starting Set console scheme...
[[0;32m  OK  [0m] Started Getty on tty1.
[[0;32m  OK  [0m] Reached target Login Prompts.
[[0;32m  OK  [0m] Started OpenBSD Secure Shell server.
[[0;32m  OK  [0m] Started Set console scheme.
[[0;32m  OK  [0m] Reached target Multi-User System.
[[0;32m  OK  [0m] Reached target Graphical Interface.
         Starting Update UTMP about System Runlevel Changes...
[[0;32m  OK  [0m] Created slice User Slice of vagrant.
         Starting User Manager for UID 1000...
[[0;32m  OK  [0m] Started Update UTMP about System Runlevel Changes.
[[0;32m  OK  [0m] Started Session 1 of user vagrant.
[[0;32m  OK  [0m] Started User Manager for UID 1000.
[   38.218036] cloud-init[1026]:   en_US.UTF-8... done
[   38.258249] cloud-init[1026]: Generation complete.
[   38.724224] cloud-init[1026]: Cloud-init v. 17.1 running 'modules:config' at Mon, 29 Jan 2018 20:45:23 +0000. Up 36.11 seconds.
[[0;32m  OK  [0m] Started Apply the settings specified in cloud-config.
         Starting Execute cloud user/final scripts...
ci-info: no authorized ssh keys fingerprints found for user ubuntu.
         Stopping User Manager for UID 1000...
<14>Jan 29 20:45:27 ec2: 
<14>Jan 29 20:45:27 ec2: #############################################################
<14>Jan 29 20:45:27 ec2: -----BEGIN SSH HOST KEY FINGERPRINTS-----
<14>Jan 29 20:45:27 ec2: 1024 SHA256:66VuaW3tkKmDgqCgaYm86lQa7TvxowKyi0TBxKQOANE root@ubuntu-xenial (DSA)
<14>Jan 29 20:45:27 ec2: 256 SHA256:R5cIk5bKw0RfRM892c1kpNKVOaWNvSiPn8ASF7mfERA root@ubuntu-xenial (ECDSA)
<14>Jan 29 20:45:27 ec2: 256 SHA256:KAOxrsJushFo7lqQJuTME5ib6FGb4VJntL8lVi8j87E root@ubuntu-xenial (ED25519)
<14>Jan 29 20:45:27 ec2: 2048 SHA256:Cqf1dIS3GegE91NQPuW0u7lZUAlS3Gb/U4g2eMeA1iU root@ubuntu-xenial (RSA)
<14>Jan 29 20:45:27 ec2: -----END SSH HOST KEY FINGERPRINTS-----
<14>Jan 29 20:45:27 ec2: #############################################################
-----BEGIN SSH HOST KEY KEYS-----
ecdsa-sha2-nistp256 AAAAE2VjZHNhLXNoYTItbmlzdHAyNTYAAAAIbmlzdHAyNTYAAABBBCeEhXiBd58XD2OshbqoLhFfd3Z5wz/fEuh7rl6mC0Mmy969DEgtnE7Aopm8dM9DUE+oL5RKY0wcZzMCQRMokTE= root@ubuntu-xenial
ssh-ed25519 AAAAC3NzaC1lZDI1NTE5AAAAIK2k3XKKWBBoJRHFCvGTbdRnkzmDNCLKNcD8CNEfmor+ root@ubuntu-xenial
ssh-rsa AAAAB3NzaC1yc2EAAAADAQABAAABAQDnExtt1ofOM5vylzUBqcNTyObfO/K9cPyj9Yw/rZAhucjrmlEtQS4olBnGA+qIL5HvTksjNCHnTOduI5UwBnxqKsUZ6V+0PEjlbsY8f/V7VZn5oJLSPRp/Yl3ZLwTtjXE//8mqE40/4QDkl6eMa7dPV0/W0uwogQfji0GkrrC+Z5t2mwNJpeS4x3uCr+HFIm7IeMZxC7zZa0j14qvir/OuIzMHu7wHR/Cmp0/0MbSKOAkp4B/JanWFeeodyJk2FHwtk2z2TAwFdJxKp2FZxiFrhI34y5U/DP4aI/ZpLHOGDYOtM4Nn/39AQoMFlcbWX0hfHOf8NdHOpFDnfCwjJOaN root@ubuntu-xenial
-----END SSH HOST KEY KEYS-----
[[0;32m  OK  [0m] Stopped User Manager for UID 1000.
[[0;32m  OK  [0m] Removed slice User Slice of vagrant.
[   40.027647] cloud-init[1379]: Cloud-init v. 17.1 running 'modules:final' at Mon, 29 Jan 2018 20:45:26 +0000. Up 39.39 seconds.
[   40.045413] cloud-init[1379]: ci-info: no authorized ssh keys fingerprints found for user ubuntu.
[   40.072706] cloud-init[1379]: Cloud-init v. 17.1 finished at Mon, 29 Jan 2018 20:45:27 +0000. Datasource DataSourceNoCloud [seed=/dev/sdb][dsmode=net].  Up 40.01 seconds
[[0;32m  OK  [0m] Created slice User Slice of vagrant.
         Starting User Manager for UID 1000...
[[0;32m  OK  [0m] Started User Manager for UID 1000.
[[0;32m  OK  [0m] Started Execute cloud user/final scripts.
[[0;32m  OK  [0m] Started Session 2 of user vagrant.
[[0;32m  OK  [0m] Reached target Cloud-init target.

Ubuntu 16.04.3 LTS ubuntu-xenial ttyS0

ubuntu-xenial login: 